// Jest Snapshot v1, https://goo.gl/fbAQLP

exports[`BarButton Render Elements 1`] = `
<button
  className="hamburger"
  onClick={[Function]}
  type="button"
>
  <div
    className="bar1"
  />
  <div
    className="bar2"
  />
  <div
    className="bar3"
  />
</button>
`;
